---
source: external-crates/move/crates/move-transactional-test-runner/src/framework.rs
---
processed 26 tasks

init:
A: object(0,0), B: object(0,1)

task 1, lines 16-29:
//# publish
created: object(1,0)
mutated: object(0,2)
gas summary: computation_cost: 1000000, computation_cost_burned: 1000000, storage_cost: 5168000,  storage_rebate: 0, non_refundable_storage_fee: 0

task 2, line 31:
//# run Test::M1::create --args 0 @A
created: object(2,0)
mutated: object(0,2)
gas summary: computation_cost: 1000000, computation_cost_burned: 1000000, storage_cost: 2287600,  storage_rebate: 980400, non_refundable_storage_fee: 0

task 3, line 33:
//# run Test::M1::create --args 1 @A
created: object(3,0)
mutated: object(0,2)
gas summary: computation_cost: 1000000, computation_cost_burned: 1000000, storage_cost: 2287600,  storage_rebate: 980400, non_refundable_storage_fee: 0

task 4, line 35:
//# create-checkpoint
Checkpoint created: 1

task 5, lines 37-65:
//# run-graphql --cursors bcs(@{obj_2_0},@{highest_checkpoint}) bcs(@{obj_3_0},@{highest_checkpoint})
Response: {
  "data": {
    "one_of_these_will_yield_an_object": {
      "objects": {
        "nodes": []
      }
    },
    "if_the_other_does_not": {
      "nodes": [
        {
          "version": 3,
          "asMoveObject": {
            "contents": {
              "type": {
                "repr": "0x18977569d2914bcdf4ecc9d0e8cfdaf2bbc2d05a14b520f24fdde2fa4755f445::M1::Object"
              },
              "json": {
                "id": "0xeb7401de49ba8ab64a9716e7a5374df25bc62f22d07fb1d5dd9eb1b22e645500",
                "value": "0"
              }
            }
          }
        }
      ]
    }
  }
}

task 6, line 67:
//# run Test::M1::create --args 2 @A
created: object(6,0)
mutated: object(0,2)
gas summary: computation_cost: 1000000, computation_cost_burned: 1000000, storage_cost: 2287600,  storage_rebate: 980400, non_refundable_storage_fee: 0

task 7, line 69:
//# run Test::M1::create --args 3 @A
created: object(7,0)
mutated: object(0,2)
gas summary: computation_cost: 1000000, computation_cost_burned: 1000000, storage_cost: 2287600,  storage_rebate: 980400, non_refundable_storage_fee: 0

task 8, line 71:
//# create-checkpoint
Checkpoint created: 2

task 9, lines 73-101:
//# run-graphql --cursors bcs(@{obj_2_0},1) bcs(@{obj_3_0},1)
Response: {
  "data": {
    "paginating_on_checkpoint_1": {
      "objects": {
        "nodes": []
      }
    },
    "should_not_have_more_than_one_result": {
      "nodes": [
        {
          "version": 3,
          "asMoveObject": {
            "contents": {
              "type": {
                "repr": "0x18977569d2914bcdf4ecc9d0e8cfdaf2bbc2d05a14b520f24fdde2fa4755f445::M1::Object"
              },
              "json": {
                "id": "0xeb7401de49ba8ab64a9716e7a5374df25bc62f22d07fb1d5dd9eb1b22e645500",
                "value": "0"
              }
            }
          }
        }
      ]
    }
  }
}

task 10, lines 103-118:
//# run-graphql
Response: {
  "data": {
    "four_objects": {
      "objects": {
        "nodes": [
          {
            "version": 4,
            "contents": {
              "type": {
                "repr": "0x18977569d2914bcdf4ecc9d0e8cfdaf2bbc2d05a14b520f24fdde2fa4755f445::M1::Object"
              },
              "json": {
                "id": "0x6c096fa15eac0ba7e2c7a76106781867491130e58a629be730a47bff4cc1e088",
                "value": "1"
              }
            }
          },
          {
            "version": 5,
            "contents": {
              "type": {
                "repr": "0x18977569d2914bcdf4ecc9d0e8cfdaf2bbc2d05a14b520f24fdde2fa4755f445::M1::Object"
              },
              "json": {
                "id": "0x995435195bbe72d1650a3bbdef3f255c7e55637a77b4812c184399024a9e0594",
                "value": "2"
              }
            }
          },
          {
            "version": 6,
            "contents": {
              "type": {
                "repr": "0x18977569d2914bcdf4ecc9d0e8cfdaf2bbc2d05a14b520f24fdde2fa4755f445::M1::Object"
              },
              "json": {
                "id": "0xe8743d537e8c89cc04be41c2f1f220474d49cf7bbb0f47ca58fe1d5f525b9a0c",
                "value": "3"
              }
            }
          },
          {
            "version": 3,
            "contents": {
              "type": {
                "repr": "0x18977569d2914bcdf4ecc9d0e8cfdaf2bbc2d05a14b520f24fdde2fa4755f445::M1::Object"
              },
              "json": {
                "id": "0xeb7401de49ba8ab64a9716e7a5374df25bc62f22d07fb1d5dd9eb1b22e645500",
                "value": "0"
              }
            }
          }
        ]
      }
    }
  }
}

task 11, lines 120-145:
//# run-graphql
Response: {
  "data": {
    "objects_at_version": {
      "objects": {
        "nodes": [
          {
            "version": 4,
            "contents": {
              "type": {
                "repr": "0x18977569d2914bcdf4ecc9d0e8cfdaf2bbc2d05a14b520f24fdde2fa4755f445::M1::Object"
              },
              "json": {
                "id": "0x6c096fa15eac0ba7e2c7a76106781867491130e58a629be730a47bff4cc1e088",
                "value": "1"
              }
            }
          },
          {
            "version": 5,
            "contents": {
              "type": {
                "repr": "0x18977569d2914bcdf4ecc9d0e8cfdaf2bbc2d05a14b520f24fdde2fa4755f445::M1::Object"
              },
              "json": {
                "id": "0x995435195bbe72d1650a3bbdef3f255c7e55637a77b4812c184399024a9e0594",
                "value": "2"
              }
            }
          },
          {
            "version": 6,
            "contents": {
              "type": {
                "repr": "0x18977569d2914bcdf4ecc9d0e8cfdaf2bbc2d05a14b520f24fdde2fa4755f445::M1::Object"
              },
              "json": {
                "id": "0xe8743d537e8c89cc04be41c2f1f220474d49cf7bbb0f47ca58fe1d5f525b9a0c",
                "value": "3"
              }
            }
          },
          {
            "version": 3,
            "contents": {
              "type": {
                "repr": "0x18977569d2914bcdf4ecc9d0e8cfdaf2bbc2d05a14b520f24fdde2fa4755f445::M1::Object"
              },
              "json": {
                "id": "0xeb7401de49ba8ab64a9716e7a5374df25bc62f22d07fb1d5dd9eb1b22e645500",
                "value": "0"
              }
            }
          }
        ]
      }
    }
  }
}

task 12, lines 147-148:
//# programmable --sender A --inputs object(2,0) object(3,0) object(6,0) object(7,0) @B
//> TransferObjects([Input(0), Input(1), Input(2), Input(3)], Input(4))
mutated: object(0,0), object(2,0), object(3,0), object(6,0), object(7,0)
gas summary: computation_cost: 1000000, computation_cost_burned: 1000000, storage_cost: 6209200,  storage_rebate: 5228800, non_refundable_storage_fee: 0

task 13, line 150:
//# create-checkpoint
Checkpoint created: 3

task 14, lines 152-214:
//# run-graphql --cursors bcs(@{obj_6_0},2)
Response: {
  "data": {
    "after_obj_6_0_at_checkpoint_2": {
      "objects": {
        "nodes": [
          {
            "version": 6,
            "contents": {
              "type": {
                "repr": "0x18977569d2914bcdf4ecc9d0e8cfdaf2bbc2d05a14b520f24fdde2fa4755f445::M1::Object"
              },
              "json": {
                "id": "0xe8743d537e8c89cc04be41c2f1f220474d49cf7bbb0f47ca58fe1d5f525b9a0c",
                "value": "3"
              }
            },
            "owner_at_latest_state_has_iota_only": {
              "owner": {
                "objects": {
                  "nodes": [
                    {
                      "version": 1,
                      "contents": {
                        "type": {
                          "repr": "0x0000000000000000000000000000000000000000000000000000000000000002::coin::Coin<0x0000000000000000000000000000000000000000000000000000000000000002::iota::IOTA>"
                        },
                        "json": {
                          "id": "0x57e01daa251972b846f970d5660e0b72ca345e76385e66cb0c3a93451b744f54",
                          "balance": {
                            "value": "300000000000000"
                          }
                        }
                      }
                    },
                    {
                      "version": 4,
                      "contents": {
                        "type": {
                          "repr": "0x18977569d2914bcdf4ecc9d0e8cfdaf2bbc2d05a14b520f24fdde2fa4755f445::M1::Object"
                        },
                        "json": {
                          "id": "0x6c096fa15eac0ba7e2c7a76106781867491130e58a629be730a47bff4cc1e088",
                          "value": "1"
                        }
                      }
                    },
                    {
                      "version": 5,
                      "contents": {
                        "type": {
                          "repr": "0x18977569d2914bcdf4ecc9d0e8cfdaf2bbc2d05a14b520f24fdde2fa4755f445::M1::Object"
                        },
                        "json": {
                          "id": "0x995435195bbe72d1650a3bbdef3f255c7e55637a77b4812c184399024a9e0594",
                          "value": "2"
                        }
                      }
                    },
                    {
                      "version": 6,
                      "contents": {
                        "type": {
                          "repr": "0x18977569d2914bcdf4ecc9d0e8cfdaf2bbc2d05a14b520f24fdde2fa4755f445::M1::Object"
                        },
                        "json": {
                          "id": "0xe8743d537e8c89cc04be41c2f1f220474d49cf7bbb0f47ca58fe1d5f525b9a0c",
                          "value": "3"
                        }
                      }
                    },
                    {
                      "version": 3,
                      "contents": {
                        "type": {
                          "repr": "0x18977569d2914bcdf4ecc9d0e8cfdaf2bbc2d05a14b520f24fdde2fa4755f445::M1::Object"
                        },
                        "json": {
                          "id": "0xeb7401de49ba8ab64a9716e7a5374df25bc62f22d07fb1d5dd9eb1b22e645500",
                          "value": "0"
                        }
                      }
                    }
                  ]
                }
              }
            }
          },
          {
            "version": 3,
            "contents": {
              "type": {
                "repr": "0x18977569d2914bcdf4ecc9d0e8cfdaf2bbc2d05a14b520f24fdde2fa4755f445::M1::Object"
              },
              "json": {
                "id": "0xeb7401de49ba8ab64a9716e7a5374df25bc62f22d07fb1d5dd9eb1b22e645500",
                "value": "0"
              }
            },
            "owner_at_latest_state_has_iota_only": {
              "owner": {
                "objects": {
                  "nodes": [
                    {
                      "version": 1,
                      "contents": {
                        "type": {
                          "repr": "0x0000000000000000000000000000000000000000000000000000000000000002::coin::Coin<0x0000000000000000000000000000000000000000000000000000000000000002::iota::IOTA>"
                        },
                        "json": {
                          "id": "0x57e01daa251972b846f970d5660e0b72ca345e76385e66cb0c3a93451b744f54",
                          "balance": {
                            "value": "300000000000000"
                          }
                        }
                      }
                    },
                    {
                      "version": 4,
                      "contents": {
                        "type": {
                          "repr": "0x18977569d2914bcdf4ecc9d0e8cfdaf2bbc2d05a14b520f24fdde2fa4755f445::M1::Object"
                        },
                        "json": {
                          "id": "0x6c096fa15eac0ba7e2c7a76106781867491130e58a629be730a47bff4cc1e088",
                          "value": "1"
                        }
                      }
                    },
                    {
                      "version": 5,
                      "contents": {
                        "type": {
                          "repr": "0x18977569d2914bcdf4ecc9d0e8cfdaf2bbc2d05a14b520f24fdde2fa4755f445::M1::Object"
                        },
                        "json": {
                          "id": "0x995435195bbe72d1650a3bbdef3f255c7e55637a77b4812c184399024a9e0594",
                          "value": "2"
                        }
                      }
                    },
                    {
                      "version": 6,
                      "contents": {
                        "type": {
                          "repr": "0x18977569d2914bcdf4ecc9d0e8cfdaf2bbc2d05a14b520f24fdde2fa4755f445::M1::Object"
                        },
                        "json": {
                          "id": "0xe8743d537e8c89cc04be41c2f1f220474d49cf7bbb0f47ca58fe1d5f525b9a0c",
                          "value": "3"
                        }
                      }
                    },
                    {
                      "version": 3,
                      "contents": {
                        "type": {
                          "repr": "0x18977569d2914bcdf4ecc9d0e8cfdaf2bbc2d05a14b520f24fdde2fa4755f445::M1::Object"
                        },
                        "json": {
                          "id": "0xeb7401de49ba8ab64a9716e7a5374df25bc62f22d07fb1d5dd9eb1b22e645500",
                          "value": "0"
                        }
                      }
                    }
                  ]
                }
              }
            }
          }
        ]
      }
    },
    "before_obj_6_0_at_checkpoint_2": {
      "nodes": [
        {
          "version": 4,
          "asMoveObject": {
            "contents": {
              "type": {
                "repr": "0x18977569d2914bcdf4ecc9d0e8cfdaf2bbc2d05a14b520f24fdde2fa4755f445::M1::Object"
              },
              "json": {
                "id": "0x6c096fa15eac0ba7e2c7a76106781867491130e58a629be730a47bff4cc1e088",
                "value": "1"
              }
            },
            "note_that_owner_result_should_reflect_latest_state": {
              "owner": {
                "objects": {
                  "nodes": [
                    {
                      "version": 1,
                      "contents": {
                        "type": {
                          "repr": "0x0000000000000000000000000000000000000000000000000000000000000002::coin::Coin<0x0000000000000000000000000000000000000000000000000000000000000002::iota::IOTA>"
                        },
                        "json": {
                          "id": "0x57e01daa251972b846f970d5660e0b72ca345e76385e66cb0c3a93451b744f54",
                          "balance": {
                            "value": "300000000000000"
                          }
                        }
                      }
                    },
                    {
                      "version": 4,
                      "contents": {
                        "type": {
                          "repr": "0x18977569d2914bcdf4ecc9d0e8cfdaf2bbc2d05a14b520f24fdde2fa4755f445::M1::Object"
                        },
                        "json": {
                          "id": "0x6c096fa15eac0ba7e2c7a76106781867491130e58a629be730a47bff4cc1e088",
                          "value": "1"
                        }
                      }
                    },
                    {
                      "version": 5,
                      "contents": {
                        "type": {
                          "repr": "0x18977569d2914bcdf4ecc9d0e8cfdaf2bbc2d05a14b520f24fdde2fa4755f445::M1::Object"
                        },
                        "json": {
                          "id": "0x995435195bbe72d1650a3bbdef3f255c7e55637a77b4812c184399024a9e0594",
                          "value": "2"
                        }
                      }
                    },
                    {
                      "version": 6,
                      "contents": {
                        "type": {
                          "repr": "0x18977569d2914bcdf4ecc9d0e8cfdaf2bbc2d05a14b520f24fdde2fa4755f445::M1::Object"
                        },
                        "json": {
                          "id": "0xe8743d537e8c89cc04be41c2f1f220474d49cf7bbb0f47ca58fe1d5f525b9a0c",
                          "value": "3"
                        }
                      }
                    },
                    {
                      "version": 3,
                      "contents": {
                        "type": {
                          "repr": "0x18977569d2914bcdf4ecc9d0e8cfdaf2bbc2d05a14b520f24fdde2fa4755f445::M1::Object"
                        },
                        "json": {
                          "id": "0xeb7401de49ba8ab64a9716e7a5374df25bc62f22d07fb1d5dd9eb1b22e645500",
                          "value": "0"
                        }
                      }
                    }
                  ]
                }
              }
            }
          }
        }
      ]
    }
  }
}

task 16, line 218:
//# create-checkpoint
Checkpoint created: 4

task 18, line 222:
//# create-checkpoint
Checkpoint created: 5

task 20, line 226:
//# create-checkpoint
Checkpoint created: 6

task 22, line 230:
//# create-checkpoint
Checkpoint created: 7

task 23, lines 232-256:
//# run-graphql --cursors bcs(@{obj_6_0},2)
Response: {
  "data": null,
  "errors": [
    {
      "message": "Requested data is outside the available range",
      "locations": [
        {
          "line": 11,
          "column": 3
        }
      ],
      "path": [
        "before_obj_6_0_at_checkpoint_2"
      ],
      "extensions": {
        "code": "BAD_USER_INPUT"
      }
    }
  ]
}

task 24, lines 258-274:
//# run-graphql
Response: {
  "data": {
    "owned_by_address_b_latest": {
      "objects": {
        "nodes": [
          {
            "version": 7,
            "contents": {
              "type": {
                "repr": "0x18977569d2914bcdf4ecc9d0e8cfdaf2bbc2d05a14b520f24fdde2fa4755f445::M1::Object"
              },
              "json": {
                "id": "0x6c096fa15eac0ba7e2c7a76106781867491130e58a629be730a47bff4cc1e088",
                "value": "1"
              }
            }
          },
          {
            "version": 7,
            "contents": {
              "type": {
                "repr": "0x18977569d2914bcdf4ecc9d0e8cfdaf2bbc2d05a14b520f24fdde2fa4755f445::M1::Object"
              },
              "json": {
                "id": "0x995435195bbe72d1650a3bbdef3f255c7e55637a77b4812c184399024a9e0594",
                "value": "2"
              }
            }
          },
          {
            "version": 7,
            "contents": {
              "type": {
                "repr": "0x18977569d2914bcdf4ecc9d0e8cfdaf2bbc2d05a14b520f24fdde2fa4755f445::M1::Object"
              },
              "json": {
                "id": "0xe8743d537e8c89cc04be41c2f1f220474d49cf7bbb0f47ca58fe1d5f525b9a0c",
                "value": "3"
              }
            }
          },
          {
            "version": 7,
            "contents": {
              "type": {
                "repr": "0x18977569d2914bcdf4ecc9d0e8cfdaf2bbc2d05a14b520f24fdde2fa4755f445::M1::Object"
              },
              "json": {
                "id": "0xeb7401de49ba8ab64a9716e7a5374df25bc62f22d07fb1d5dd9eb1b22e645500",
                "value": "0"
              }
            }
          }
        ]
      }
    }
  }
}

task 25, lines 276-302:
//# run-graphql
Response: {
  "data": {
    "objects_at_version": {
      "objects": {
        "nodes": [
          {
            "version": 4,
            "contents": {
              "type": {
                "repr": "0x18977569d2914bcdf4ecc9d0e8cfdaf2bbc2d05a14b520f24fdde2fa4755f445::M1::Object"
              },
              "json": {
                "id": "0x6c096fa15eac0ba7e2c7a76106781867491130e58a629be730a47bff4cc1e088",
                "value": "1"
              }
            }
          },
          {
            "version": 5,
            "contents": {
              "type": {
                "repr": "0x18977569d2914bcdf4ecc9d0e8cfdaf2bbc2d05a14b520f24fdde2fa4755f445::M1::Object"
              },
              "json": {
                "id": "0x995435195bbe72d1650a3bbdef3f255c7e55637a77b4812c184399024a9e0594",
                "value": "2"
              }
            }
          },
          {
            "version": 6,
            "contents": {
              "type": {
                "repr": "0x18977569d2914bcdf4ecc9d0e8cfdaf2bbc2d05a14b520f24fdde2fa4755f445::M1::Object"
              },
              "json": {
                "id": "0xe8743d537e8c89cc04be41c2f1f220474d49cf7bbb0f47ca58fe1d5f525b9a0c",
                "value": "3"
              }
            }
          },
          {
            "version": 3,
            "contents": {
              "type": {
                "repr": "0x18977569d2914bcdf4ecc9d0e8cfdaf2bbc2d05a14b520f24fdde2fa4755f445::M1::Object"
              },
              "json": {
                "id": "0xeb7401de49ba8ab64a9716e7a5374df25bc62f22d07fb1d5dd9eb1b22e645500",
                "value": "0"
              }
            }
          }
        ]
      }
    }
  }
}
