---
source: external-crates/move/crates/move-transactional-test-runner/src/framework.rs
---
processed 26 tasks

init:
validator_0: object(0,0)

task 1, lines 7-26:
//# publish
created: object(1,0)
mutated: object(0,1)
gas summary: computation_cost: 1000000, computation_cost_burned: 234000, storage_cost: 5563200,  storage_rebate: 0, non_refundable_storage_fee: 0

task 2, line 28:
//# run Test::M1::create --args 0 @A --gas-price 1000
created: object(2,0)
mutated: object(0,1)
gas summary: computation_cost: 1000000, computation_cost_burned: 234000, storage_cost: 2287600,  storage_rebate: 980400, non_refundable_storage_fee: 0

task 3, line 30:
//# run Test::M1::create --args 0 @validator_0
created: object(3,0)
mutated: object(0,1)
gas summary: computation_cost: 1000000, computation_cost_burned: 234000, storage_cost: 2287600,  storage_rebate: 980400, non_refundable_storage_fee: 0

task 4, line 32:
//# view-object 0,0
Owner: Account Address ( validator_0 )
Version: 1
Contents: iota_system::validator_cap::UnverifiedValidatorOperationCap {
    id: iota::object::UID {
        id: iota::object::ID {
            bytes: fake(0,0),
        },
    },
    authorizer_validator_address: validator_0,
}

task 5, line 34:
//# view-object 2,0
Owner: Account Address ( A )
Version: 3
Contents: Test::M1::Object {
    id: iota::object::UID {
        id: iota::object::ID {
            bytes: fake(2,0),
        },
    },
    value: 0u64,
}

task 6, line 36:
//# view-object 3,0
Owner: Account Address ( validator_0 )
Version: 4
Contents: Test::M1::Object {
    id: iota::object::UID {
        id: iota::object::ID {
            bytes: fake(3,0),
        },
    },
    value: 0u64,
}

task 7, line 38:
//# create-checkpoint 4
Checkpoint created: 4

task 8, line 40:
//# view-checkpoint
CheckpointSummary { epoch: 0, seq: 4, content_digest: D3oWLCcqoa1D15gxzvMaDemNNY8YYVspAkYkcmtQKWRt,
            epoch_rolling_gas_cost_summary: GasCostSummary { computation_cost: 3000000, computation_cost_burned: 702000, storage_cost: 10138400, storage_rebate: 1960800, non_refundable_storage_fee: 0 }}

task 9, line 42:
//# advance-epoch 6
Epoch advanced: 5

task 10, line 44:
//# view-checkpoint
CheckpointSummary { epoch: 5, seq: 10, content_digest: FRPQVpwfjX5JZ8eNE5Abe6maxTFVT7rsuA8RKxmWHoGf,
            epoch_rolling_gas_cost_summary: GasCostSummary { computation_cost: 0, computation_cost_burned: 0, storage_cost: 0, storage_rebate: 0, non_refundable_storage_fee: 0 }}

task 11, lines 46-51:
//# run-graphql
Response: {
  "data": {
    "checkpoint": {
      "sequenceNumber": 10
    }
  }
}

task 12, line 53:
//# create-checkpoint
Checkpoint created: 11

task 13, line 55:
//# view-checkpoint
CheckpointSummary { epoch: 6, seq: 11, content_digest: D3oWLCcqoa1D15gxzvMaDemNNY8YYVspAkYkcmtQKWRt,
            epoch_rolling_gas_cost_summary: GasCostSummary { computation_cost: 0, computation_cost_burned: 0, storage_cost: 0, storage_rebate: 0, non_refundable_storage_fee: 0 }}

task 14, lines 57-62:
//# run-graphql
Response: {
  "data": {
    "checkpoint": {
      "sequenceNumber": 11
    }
  }
}

task 15, lines 64-69:
//# run-graphql --show-usage --show-headers --show-service-version
Headers: {
    "content-type": "application/graphql-response+json",
    "x-iota-rpc-version": "1.10.0-testing-no-sha",
    "vary": "origin, access-control-request-method, access-control-request-headers",
    "access-control-allow-origin": "*",
    "content-length": "157",
}
Service version: 1.10.0-testing-no-sha
Response: {
  "data": {
    "checkpoint": {
      "sequenceNumber": 11
    }
  },
  "extensions": {
    "usage": {
      "inputNodes": 2,
      "outputNodes": 2,
      "depth": 2,
      "variables": 0,
      "fragments": 0,
      "queryPayload": 41
    }
  }
}

task 16, line 71:
//# view-checkpoint
CheckpointSummary { epoch: 6, seq: 11, content_digest: D3oWLCcqoa1D15gxzvMaDemNNY8YYVspAkYkcmtQKWRt,
            epoch_rolling_gas_cost_summary: GasCostSummary { computation_cost: 0, computation_cost_burned: 0, storage_cost: 0, storage_rebate: 0, non_refundable_storage_fee: 0 }}

task 17, lines 73-76:
//# advance-epoch
Epoch advanced: 6

task 18, lines 78-93:
//# run-graphql
Response: {
  "data": {
    "address": {
      "objects": {
        "edges": [
          {
            "node": {
              "address": "0x8187c8cf97f4e2f667a211de30aa98196e5b2aa14af7442bb7fcc1fe0e18d98e",
              "digest": "F5tG5cxbLciTuHXmURQ8Twuea9r2N9oEGHQX26bm33aA",
              "owner": {
                "__typename": "AddressOwner"
              }
            }
          }
        ]
      }
    }
  }
}

task 19, lines 95-150:
//# run-graphql
Response: {
  "data": {
    "address": {
      "objects": {
        "edges": []
      }
    },
    "second": {
      "objects": {
        "edges": [
          {
            "node": {
              "address": "0x8187c8cf97f4e2f667a211de30aa98196e5b2aa14af7442bb7fcc1fe0e18d98e",
              "digest": "F5tG5cxbLciTuHXmURQ8Twuea9r2N9oEGHQX26bm33aA",
              "owner": {
                "__typename": "AddressOwner"
              }
            }
          }
        ]
      }
    },
    "val_objs": {
      "objects": {
        "edges": [
          {
            "node": {
              "address": "0x1a6a93eed93664888470c270a59d5e7cfb3c21f8d0a575b85505ef46ad1665b6",
              "digest": "F8NRx4VzeNPtHcuqAbTJUzk8M5AGFHA48Ssnei9Jr1VN",
              "owner": {
                "__typename": "AddressOwner"
              }
            }
          },
          {
            "node": {
              "address": "0x1b6ad2da58422741aae4ab7f89e57008bfa5316ffd70d241145e759e4e69d4c4",
              "digest": "3AVAHovfdpKxdEzGiKQXYtHDUZjrbyrX8uSRj9GT4Ur6",
              "owner": {
                "__typename": "AddressOwner"
              }
            }
          },
          {
            "node": {
              "address": "0x21dca960eb452c7702d5b22d72f7b02fcb94bd55a968570822def5d0169dd404",
              "digest": "686AgdgdWBpE7FbJZZLReNmsZMRLrwRUUV7fsxa5i7Cy",
              "owner": {
                "__typename": "AddressOwner"
              }
            }
          },
          {
            "node": {
              "address": "0x22d42bf423cdbe26f614ad9fd7ff1d535d6f8409f58004a2e6fd55ad323ad762",
              "digest": "5fuWPfviHcwURcoeCH8NWyBuWpMFSiokJ2gwmqe8Tzzn",
              "owner": {
                "__typename": "AddressOwner"
              }
            }
          },
          {
            "node": {
              "address": "0x57171d18b228f5bb7ce54644e719c4c83aa078162b81505566b287aa08e95949",
              "digest": "E2BSzen5Lr5NKyd7Nt5KLkdEbVCkT7rs5Czh7M1Ryu5f",
              "owner": {
                "__typename": "AddressOwner"
              }
            }
          },
          {
            "node": {
              "address": "0x5f76c0a21753e8d9a027ecd448b4ed6725d47e64039a1d1e45b546644958bc80",
              "digest": "RfdHmZPnNfT555ph9jiLj45CcEijyGMBc28ZhuSdPPz",
              "owner": {
                "__typename": "AddressOwner"
              }
            }
          },
          {
            "node": {
              "address": "0x6ec6173e5bb88ae7ad7256c818f260b4ddae6b603675a03f0a92cfdc10fd8aba",
              "digest": "28uKVk5a2a7yAhCEMGgRsH31jiNBQVvoTcy9xMhUfGbb",
              "owner": {
                "__typename": "AddressOwner"
              }
            }
          },
          {
            "node": {
              "address": "0x8aca9aaebc5c0fc9a4d6e604ade33d3e899471fb478b0acd2a272e340b6264ca",
              "digest": "DqvQUrGzii2XJAhmAE5omG3jBzQASSDKqCE1LX5KZniH",
              "owner": {
                "__typename": "AddressOwner"
              }
            }
          },
          {
            "node": {
              "address": "0x947bac9de505d67a7df692e628ace47f36c32963a786e4c12407102646a38b66",
              "digest": "9TzMzZA4SGymRUmfShGtKAgfkSphvFh5mWSdHf7efcjd",
              "owner": {
                "__typename": "AddressOwner"
              }
            }
          },
          {
            "node": {
              "address": "0xa5a461a38fded1cfdefe09c3ceb55a3c345a5567cd26dd7e8e0ded9956c32174",
              "digest": "GdjhRMQmuiMLL9hr27hQCu65YRBdgrP8ffTwtAi8Xjjn",
              "owner": {
                "__typename": "AddressOwner"
              }
            }
          },
          {
            "node": {
              "address": "0xb6d541bf31171808a383d5b6fe360ebf18302cce1b0a232c6ad4d0e76a2a69a8",
              "digest": "CvXW2BKwWeJCXHukfiJJ3qi5w38QvAdHheeDq6UyfqWH",
              "owner": {
                "__typename": "AddressOwner"
              }
            }
          },
          {
            "node": {
              "address": "0xdf449778372c1ca57878ad3cc45d02708a5526b7f5688c0bed3e1d0fb111f4c7",
              "digest": "w9PXWBCsPGMsCCXE6V8SSwLLs9TDYkGFgKiHa8BESc8",
              "owner": {
                "__typename": "AddressOwner"
              }
            }
          }
        ]
      }
    },
    "object": {
      "version": 3,
      "owner": {
        "__typename": "AddressOwner",
        "owner": {
          "address": "0x0000000000000000000000000000000000000000000000000000000000000042"
        }
      }
    }
  }
}

task 20, lines 152-168:
//# run-graphql
Response: {
  "data": {
    "epoch": {
      "validatorSet": {
        "activeValidators": {
          "nodes": [
            {
              "address": {
                "address": "0x28f02a953f3553f51a9365593c7d4bd0643d2085f004b18c6ca9de51682b2c80"
              }
            }
          ]
        }
      }
    },
    "address": {
      "address": "0x28f02a953f3553f51a9365593c7d4bd0643d2085f004b18c6ca9de51682b2c80"
    }
  }
}

task 21, lines 170-176:
//# run-graphql
Response: {
  "data": {
    "epoch": {
      "referenceGasPrice": "234"
    }
  }
}

task 22, line 178:
//# run Test::M1::create --args 0 @A --gas-price 999
created: object(22,0)
mutated: object(0,1)
gas summary: computation_cost: 999000, computation_cost_burned: 234000, storage_cost: 2287600,  storage_rebate: 980400, non_refundable_storage_fee: 0

task 23, line 180:
//# run Test::M1::create --args 0 @A --gas-price 1000
created: object(23,0)
mutated: object(0,1)
gas summary: computation_cost: 1000000, computation_cost_burned: 234000, storage_cost: 2287600,  storage_rebate: 980400, non_refundable_storage_fee: 0

task 24, line 182:
//# run Test::M1::create --args 0 @A --gas-price 235
created: object(24,0)
mutated: object(0,1)
gas summary: computation_cost: 235000, computation_cost_burned: 234000, storage_cost: 2287600,  storage_rebate: 980400, non_refundable_storage_fee: 0

task 25, lines 184-189:
//# run-graphql
Response: {
  "data": {
    "serviceConfig": {
      "availableVersions": [
        "1.10"
      ]
    }
  }
}
