---
source: external-crates/move/crates/move-transactional-test-runner/src/framework.rs
---
processed 26 tasks

init:
validator_0: object(0,0)

task 1, lines 7-26:
//# publish
created: object(1,0)
mutated: object(0,1)
gas summary: computation_cost: 1000000, computation_cost_burned: 234000, storage_cost: 5563200,  storage_rebate: 0, non_refundable_storage_fee: 0

task 2, line 28:
//# run Test::M1::create --args 0 @A --gas-price 1000
created: object(2,0)
mutated: object(0,1)
gas summary: computation_cost: 1000000, computation_cost_burned: 234000, storage_cost: 2287600,  storage_rebate: 980400, non_refundable_storage_fee: 0

task 3, line 30:
//# run Test::M1::create --args 0 @validator_0
created: object(3,0)
mutated: object(0,1)
gas summary: computation_cost: 1000000, computation_cost_burned: 234000, storage_cost: 2287600,  storage_rebate: 980400, non_refundable_storage_fee: 0

task 4, line 32:
//# view-object 0,0
Owner: Account Address ( validator_0 )
Version: 1
Contents: iota::coin::Coin<iota::iota::IOTA> {
    id: iota::object::UID {
        id: iota::object::ID {
            bytes: fake(0,0),
        },
    },
    balance: iota::balance::Balance<iota::iota::IOTA> {
        value: 300000000000000u64,
    },
}

task 5, line 34:
//# view-object 2,0
Owner: Account Address ( A )
Version: 3
Contents: Test::M1::Object {
    id: iota::object::UID {
        id: iota::object::ID {
            bytes: fake(2,0),
        },
    },
    value: 0u64,
}

task 6, line 36:
//# view-object 3,0
Owner: Account Address ( validator_0 )
Version: 4
Contents: Test::M1::Object {
    id: iota::object::UID {
        id: iota::object::ID {
            bytes: fake(3,0),
        },
    },
    value: 0u64,
}

task 7, line 38:
//# create-checkpoint 4
Checkpoint created: 4

task 8, line 40:
//# view-checkpoint
CheckpointSummary { epoch: 0, seq: 4, content_digest: D3oWLCcqoa1D15gxzvMaDemNNY8YYVspAkYkcmtQKWRt,
            epoch_rolling_gas_cost_summary: GasCostSummary { computation_cost: 3000000, computation_cost_burned: 702000, storage_cost: 10138400, storage_rebate: 1960800, non_refundable_storage_fee: 0 }}

task 9, line 42:
//# advance-epoch 6
Epoch advanced: 5

task 10, line 44:
//# view-checkpoint
CheckpointSummary { epoch: 5, seq: 10, content_digest: 3sEX9cB38VKKxf4VN4EM7KVESvhWPs5Ptyo96enFXZS5,
            epoch_rolling_gas_cost_summary: GasCostSummary { computation_cost: 0, computation_cost_burned: 0, storage_cost: 0, storage_rebate: 0, non_refundable_storage_fee: 0 }}

task 11, lines 46-51:
//# run-graphql
Response: {
  "data": {
    "checkpoint": {
      "sequenceNumber": 10
    }
  }
}

task 12, line 53:
//# create-checkpoint
Checkpoint created: 11

task 13, line 55:
//# view-checkpoint
CheckpointSummary { epoch: 6, seq: 11, content_digest: D3oWLCcqoa1D15gxzvMaDemNNY8YYVspAkYkcmtQKWRt,
            epoch_rolling_gas_cost_summary: GasCostSummary { computation_cost: 0, computation_cost_burned: 0, storage_cost: 0, storage_rebate: 0, non_refundable_storage_fee: 0 }}

task 14, lines 57-62:
//# run-graphql
Response: {
  "data": {
    "checkpoint": {
      "sequenceNumber": 11
    }
  }
}

task 15, lines 64-69:
//# run-graphql --show-usage --show-headers --show-service-version
Headers: {
    "content-type": "application/graphql-response+json",
    "x-iota-rpc-version": "1.6.0-testing-no-sha",
    "vary": "origin, access-control-request-method, access-control-request-headers",
    "access-control-allow-origin": "*",
    "content-length": "157",
}
Service version: 1.6.0-testing-no-sha
Response: {
  "data": {
    "checkpoint": {
      "sequenceNumber": 11
    }
  },
  "extensions": {
    "usage": {
      "inputNodes": 2,
      "outputNodes": 2,
      "depth": 2,
      "variables": 0,
      "fragments": 0,
      "queryPayload": 41
    }
  }
}

task 16, line 71:
//# view-checkpoint
CheckpointSummary { epoch: 6, seq: 11, content_digest: D3oWLCcqoa1D15gxzvMaDemNNY8YYVspAkYkcmtQKWRt,
            epoch_rolling_gas_cost_summary: GasCostSummary { computation_cost: 0, computation_cost_burned: 0, storage_cost: 0, storage_rebate: 0, non_refundable_storage_fee: 0 }}

task 17, lines 73-76:
//# advance-epoch
Epoch advanced: 6

task 18, lines 78-93:
//# run-graphql
Response: {
  "data": {
    "address": {
      "objects": {
        "edges": [
          {
            "node": {
              "address": "0x0f6f49027b444840a9a0e8a6546c43689b528e55477f83b34488b61d6b5e7db1",
              "digest": "DgrrPdq6Z7qYnMHQdCmhkv99ANdY6as6a8pTR4bEWTwg",
              "owner": {
                "__typename": "AddressOwner"
              }
            }
          }
        ]
      }
    }
  }
}

task 19, lines 95-150:
//# run-graphql
Response: {
  "data": {
    "address": {
      "objects": {
        "edges": []
      }
    },
    "second": {
      "objects": {
        "edges": [
          {
            "node": {
              "address": "0x0f6f49027b444840a9a0e8a6546c43689b528e55477f83b34488b61d6b5e7db1",
              "digest": "DgrrPdq6Z7qYnMHQdCmhkv99ANdY6as6a8pTR4bEWTwg",
              "owner": {
                "__typename": "AddressOwner"
              }
            }
          }
        ]
      }
    },
    "val_objs": {
      "objects": {
        "edges": [
          {
            "node": {
              "address": "0x122bee69d717e6e35f5da21ab6db6039527b90213fb370cf5d85baa98af57bfc",
              "digest": "GPTGsfQA4QuH2LpDcWSTpfWbEytMSWY1qL3kYqH4oYsP",
              "owner": {
                "__typename": "AddressOwner"
              }
            }
          },
          {
            "node": {
              "address": "0x1b17d55f62475ecc5340dc637c24a492a60c75da3d00b2c33b5d58b2ece0be9a",
              "digest": "B4weWgdfAWavpZFvPGzrJcXeRuExnCrAYQXEwZAsjRVE",
              "owner": {
                "__typename": "AddressOwner"
              }
            }
          },
          {
            "node": {
              "address": "0x3ef26752db86a6c902f0bd74a5533147b2e0ade90fdc011b63c6857eb0185d03",
              "digest": "3TUg46KH6FXexvSZEzVBsf88HWwgqpivgxQYZrQqGaiZ",
              "owner": {
                "__typename": "AddressOwner"
              }
            }
          },
          {
            "node": {
              "address": "0x60ec73f9630e7a00173b9c273a374d1d3b5317353d2109d8edb52f43e5dc137f",
              "digest": "4H2BizPVTD7LZYS1DCmpK88zb4mxeqADW6NeKGfinpb7",
              "owner": {
                "__typename": "AddressOwner"
              }
            }
          },
          {
            "node": {
              "address": "0x6188230917472c4bdf281f7eade822598836d75443dd15bd68e941d5f3fb76aa",
              "digest": "C89FhHu7hWqxen2kcqkhJiu7im7wC4f2LgXZ5hTKSu3w",
              "owner": {
                "__typename": "AddressOwner"
              }
            }
          },
          {
            "node": {
              "address": "0x697025b9ac1c45e1f46105ea521afc3a001b06bd0d0b81862ca56a3b12ea953f",
              "digest": "GHGvFRYYeJV1Jb1CjaJkei9HYDDuDSPWNTnNBGoWEjL3",
              "owner": {
                "__typename": "AddressOwner"
              }
            }
          },
          {
            "node": {
              "address": "0x704fb07df8f2f7fb1640d26c066b66a8f2192ab0ca05aa12ebc489eec6635096",
              "digest": "AiLXVKJY19hAH1zkmuQw7kS4B2Pk7tD4553eRH3NbjmP",
              "owner": {
                "__typename": "AddressOwner"
              }
            }
          },
          {
            "node": {
              "address": "0x7751784c7b78ed047ee2eb032b1cc5e6712a1c2e742478b336421622b2ae0b85",
              "digest": "Hx2wqjfEZyA73iAqKrPPFLw5J1UFNuDNi9bJvcqdPXZH",
              "owner": {
                "__typename": "AddressOwner"
              }
            }
          },
          {
            "node": {
              "address": "0x80c5c249c4c846eff3a64a04289cc47c658e26a07ae9a2575ec5f5c66d25b90d",
              "digest": "2ALtS73mSCUsKzauuWPCD4VvPA331W8KvqNJuSUSyQrM",
              "owner": {
                "__typename": "AddressOwner"
              }
            }
          },
          {
            "node": {
              "address": "0xa25939c5b4e585620b8b72babc867451a717e7aac2efd22b7a9eba0d7c629fea",
              "digest": "G3uCxNvvYbLVHZWgQ7keLe9s8XSoqYBSuRhq6388hV4R",
              "owner": {
                "__typename": "AddressOwner"
              }
            }
          },
          {
            "node": {
              "address": "0xad17da4c6f2b7692af4405c83011f01bf4f3bc6368440ada1fe1a0a2f7537df6",
              "digest": "Hbfd452fSgLafQHYmTAJWG5bbKmL1m8zRXXDGNA1JxPw",
              "owner": {
                "__typename": "AddressOwner"
              }
            }
          },
          {
            "node": {
              "address": "0xaf6cc809f167cc6461248e7361755ade86f07e2551444ddba313729d51e175bd",
              "digest": "HMd73LC62B19Txm78BzaficbmF3qfvKAEvJRTCZFS6FG",
              "owner": {
                "__typename": "AddressOwner"
              }
            }
          }
        ]
      }
    },
    "object": {
      "version": 3,
      "owner": {
        "__typename": "AddressOwner",
        "owner": {
          "address": "0x0000000000000000000000000000000000000000000000000000000000000042"
        }
      }
    }
  }
}

task 20, lines 152-168:
//# run-graphql
Response: {
  "data": {
    "epoch": {
      "validatorSet": {
        "activeValidators": {
          "nodes": [
            {
              "address": {
                "address": "0x28f02a953f3553f51a9365593c7d4bd0643d2085f004b18c6ca9de51682b2c80"
              }
            }
          ]
        }
      }
    },
    "address": {
      "address": "0x28f02a953f3553f51a9365593c7d4bd0643d2085f004b18c6ca9de51682b2c80"
    }
  }
}

task 21, lines 170-176:
//# run-graphql
Response: {
  "data": {
    "epoch": {
      "referenceGasPrice": "234"
    }
  }
}

task 22, line 178:
//# run Test::M1::create --args 0 @A --gas-price 999
created: object(22,0)
mutated: object(0,1)
gas summary: computation_cost: 999000, computation_cost_burned: 234000, storage_cost: 2287600,  storage_rebate: 980400, non_refundable_storage_fee: 0

task 23, line 180:
//# run Test::M1::create --args 0 @A --gas-price 1000
created: object(23,0)
mutated: object(0,1)
gas summary: computation_cost: 1000000, computation_cost_burned: 234000, storage_cost: 2287600,  storage_rebate: 980400, non_refundable_storage_fee: 0

task 24, line 182:
//# run Test::M1::create --args 0 @A --gas-price 235
created: object(24,0)
mutated: object(0,1)
gas summary: computation_cost: 235000, computation_cost_burned: 234000, storage_cost: 2287600,  storage_rebate: 980400, non_refundable_storage_fee: 0

task 25, lines 184-189:
//# run-graphql
Response: {
  "data": {
    "serviceConfig": {
      "availableVersions": [
        "1.6"
      ]
    }
  }
}
