---
source: external-crates/move/crates/move-transactional-test-runner/src/framework.rs
---
processed 13 tasks

init:
C: object(0,0)

task 1, line 7:
//# create-checkpoint
Checkpoint created: 1

task 2, line 9:
//# advance-epoch
Epoch advanced: 0

task 3, lines 11-13:
//# programmable --sender C --inputs 10000000000 @C
//> SplitCoins(Gas, [Input(0)]);
//> TransferObjects([Result(0)], Input(1));
created: object(3,0)
mutated: object(0,0)
gas summary: computation_cost: 1000000, computation_cost_burned: 1000000, storage_cost: 1960800,  storage_rebate: 0, non_refundable_storage_fee: 0

task 4, lines 15-17:
//# programmable --sender C --inputs 5000000000 @C
//> SplitCoins(Gas, [Input(0)]);
//> TransferObjects([Result(0)], Input(1));
created: object(4,0)
mutated: object(0,0)
gas summary: computation_cost: 1000000, computation_cost_burned: 1000000, storage_cost: 1960800,  storage_rebate: 980400, non_refundable_storage_fee: 0

task 5, line 19:
//# run 0x3::iota_system::request_add_stake --args object(0x5) object(3,0) @validator_0 --sender C
events: Event { package_id: iota_system, transaction_module: Identifier("iota_system"), sender: C, type_: StructTag { address: iota_system, module: Identifier("validator"), name: Identifier("StakingRequestEvent"), type_params: [] }, contents: [248, 95, 142, 193, 10, 34, 4, 6, 104, 46, 122, 98, 109, 102, 160, 206, 145, 33, 175, 54, 124, 53, 13, 51, 40, 82, 185, 230, 22, 202, 17, 229, 175, 163, 158, 79, 0, 218, 226, 120, 249, 119, 199, 198, 147, 10, 94, 44, 118, 232, 93, 23, 165, 38, 215, 36, 187, 206, 15, 184, 31, 176, 125, 76, 140, 202, 78, 28, 224, 186, 89, 4, 206, 166, 29, 249, 36, 45, 162, 247, 210, 158, 62, 243, 40, 251, 126, 192, 124, 8, 107, 59, 244, 124, 166, 26, 1, 0, 0, 0, 0, 0, 0, 0, 0, 228, 11, 84, 2, 0, 0, 0] }
created: object(5,0)
mutated: object(_), 0x0000000000000000000000000000000000000000000000000000000000000005, object(0,0)
deleted: object(3,0)
gas summary: computation_cost: 1000000, computation_cost_burned: 1000000, storage_cost: 14630000,  storage_rebate: 1960800, non_refundable_storage_fee: 0

task 6, line 21:
//# create-checkpoint
Checkpoint created: 3

task 7, lines 23-65:
//# run-graphql
Response: {
  "data": {
    "epoch": {
      "epochId": 1,
      "referenceGasPrice": "1000",
      "validatorSet": {
        "totalStake": "2267000000000000",
        "activeValidators": {
          "nodes": [
            {
              "name": "validator-0"
            }
          ]
        }
      },
      "startTimestamp": "1970-01-01T00:00:00Z",
      "totalCheckpoints": 1,
      "totalTransactions": null,
      "totalGasFees": null,
      "totalStakeRewards": null,
      "fundSize": "0",
      "netInflow": null,
      "fundInflow": null,
      "fundOutflow": null,
      "storageFund": {
        "totalObjectStorageRebates": "0",
        "nonRefundableBalance": "0"
      },
      "safeMode": {
        "enabled": false
      },
      "systemStateVersion": 2,
      "checkpoints": {
        "nodes": [
          {
            "sequenceNumber": 3
          }
        ]
      },
      "transactionBlocks": {
        "nodes": [
          {
            "digest": "6aYQq2uM2kEcCFEJpmLwp8UZ9VfJUGycd1hZBawBJAvW"
          }
        ]
      },
      "endTimestamp": null
    }
  }
}

task 8, line 67:
//# create-checkpoint
Checkpoint created: 4

task 9, line 69:
//# advance-epoch
Epoch advanced: 1

task 10, line 71:
//# create-checkpoint
Checkpoint created: 6

task 11, lines 73-115:
//# run-graphql
Response: {
  "data": {
    "epoch": {
      "epochId": 1,
      "referenceGasPrice": "1000",
      "validatorSet": {
        "totalStake": "2267000000000000",
        "activeValidators": {
          "nodes": [
            {
              "name": "validator-0"
            }
          ]
        }
      },
      "startTimestamp": "1970-01-01T00:00:00Z",
      "totalCheckpoints": 3,
      "totalTransactions": 4,
      "totalGasFees": "3000000",
      "totalStakeRewards": "767000000000000",
      "fundSize": "0",
      "netInflow": "15610400",
      "fundInflow": "18551600",
      "fundOutflow": "2941200",
      "storageFund": {
        "totalObjectStorageRebates": "0",
        "nonRefundableBalance": "0"
      },
      "safeMode": {
        "enabled": false
      },
      "systemStateVersion": 2,
      "checkpoints": {
        "nodes": [
          {
            "sequenceNumber": 5
          }
        ]
      },
      "transactionBlocks": {
        "nodes": [
          {
            "digest": "FigWdren6TMtMrgHTr4FBV1pb5EPigbgoHnQqCK5RpJw"
          }
        ]
      },
      "endTimestamp": "1970-01-01T00:00:00Z"
    }
  }
}

task 12, lines 117-159:
//# run-graphql
Response: {
  "data": {
    "epoch": {
      "epochId": 2,
      "referenceGasPrice": "1000",
      "validatorSet": {
        "totalStake": "3034010000000000",
        "activeValidators": {
          "nodes": [
            {
              "name": "validator-0"
            }
          ]
        }
      },
      "startTimestamp": "1970-01-01T00:00:00Z",
      "totalCheckpoints": 1,
      "totalTransactions": null,
      "totalGasFees": null,
      "totalStakeRewards": null,
      "fundSize": "15610400",
      "netInflow": null,
      "fundInflow": null,
      "fundOutflow": null,
      "storageFund": {
        "totalObjectStorageRebates": "15610400",
        "nonRefundableBalance": "0"
      },
      "safeMode": {
        "enabled": false
      },
      "systemStateVersion": 2,
      "checkpoints": {
        "nodes": [
          {
            "sequenceNumber": 6
          }
        ]
      },
      "transactionBlocks": {
        "nodes": []
      },
      "endTimestamp": null
    }
  }
}
