---
source: external-crates/move/crates/move-transactional-test-runner/src/framework.rs
---
processed 4 tasks

init:
C: object(0,0)

task 1, line 7:
//# create-checkpoint
Checkpoint created: 1

task 2, lines 9-17:
//# run-graphql
Response: {
  "data": {
    "protocolConfig": {
      "protocolVersion": 4,
      "config": {
        "value": "128"
      }
    }
  }
}

task 3, lines 19-27:
//# run-graphql
Response: {
  "data": {
    "protocolConfig": {
      "protocolVersion": 1,
      "config": {
        "value": "128"
      }
    }
  }
}
