---
source: crates/iota/tests/shell_tests.rs
---
----- script -----
# Copyright (c) Mysten Labs, Inc.
# Modifications Copyright (c) 2025 IOTA Stiftung
# SPDX-License-Identifier: Apache-2.0

iota client --client.config $CONFIG \
  publish simple --verify-deps \
  --json | jq '.effects.status'

iota move --client.config $CONFIG \
  build --path depends_on_simple

----- results -----
success: true
exit_code: 0
----- stdout -----
{
  "status": "success"
}

----- stderr -----
INCLUDING DEPENDENCY IotaSystem
INCLUDING DEPENDENCY Stardust
INCLUDING DEPENDENCY Iota
INCLUDING DEPENDENCY MoveStdlib
BUILDING simple
Successfully verified dependencies on-chain against source.
INCLUDING DEPENDENCY simple
INCLUDING DEPENDENCY IotaSystem
INCLUDING DEPENDENCY Stardust
INCLUDING DEPENDENCY Iota
INCLUDING DEPENDENCY MoveStdlib
BUILDING depends_on_simple
