---
source: external-crates/move/crates/move-transactional-test-runner/src/framework.rs
---
processed 11 tasks

init:
A: object(0,0)

task 1, lines 12-53:
//# publish
created: object(1,0)
mutated: object(0,1)
gas summary: computation_cost: 1000000, computation_cost_burned: 1000000, storage_cost: 8618400,  storage_rebate: 0, non_refundable_storage_fee: 0

task 2, line 55:
//# run test::m1::create --sender A
created: object(2,0), object(2,1), object(2,2), object(2,3), object(2,4), object(2,5)
mutated: object(0,0)
gas summary: computation_cost: 1000000, computation_cost_burned: 1000000, storage_cost: 11346800,  storage_rebate: 0, non_refundable_storage_fee: 0

task 3, line 57:
//# view-object 2,4
Owner: Account Address ( A )
Version: 2
Contents: test::m1::Object {
    id: iota::object::UID {
        id: iota::object::ID {
            bytes: fake(2,4),
        },
    },
}

task 4, lines 59-61:
//# view-object 2,5
Owner: Shared( 2 )
Version: 2
Contents: test::m1::Object {
    id: iota::object::UID {
        id: iota::object::ID {
            bytes: fake(2,5),
        },
    },
}

task 5, line 63:
//# run test::m1::borrow_mut --sender A --args object(2,4)
mutated: object(0,0), object(2,4)
gas summary: computation_cost: 1000000, computation_cost_burned: 1000000, storage_cost: 2226800,  storage_rebate: 2226800, non_refundable_storage_fee: 0

task 6, line 65:
//# run test::m1::borrow_mut --sender A --args object(2,5)
mutated: object(0,0), object(2,5)
gas summary: computation_cost: 1000000, computation_cost_burned: 1000000, storage_cost: 2226800,  storage_rebate: 2226800, non_refundable_storage_fee: 0

task 7, line 67:
//# run test::m1::add_remove --sender A --args object(2,4)
mutated: object(0,0), object(2,0), object(2,3), object(2,4)
gas summary: computation_cost: 1000000, computation_cost_burned: 1000000, storage_cost: 6163600,  storage_rebate: 6163600, non_refundable_storage_fee: 0

task 8, line 69:
//# run test::m1::add_remove --sender A --args object(2,5)
mutated: object(0,0), object(2,1), object(2,2), object(2,5)
gas summary: computation_cost: 1000000, computation_cost_burned: 1000000, storage_cost: 6163600,  storage_rebate: 6163600, non_refundable_storage_fee: 0

task 9, line 71:
//# run test::m1::write_back --sender A --args object(2,4)
mutated: object(0,0), object(2,3), object(2,4)
gas summary: computation_cost: 1000000, computation_cost_burned: 1000000, storage_cost: 3739200,  storage_rebate: 3739200, non_refundable_storage_fee: 0

task 10, line 73:
//# run test::m1::write_back --sender A --args object(2,5)
mutated: object(0,0), object(2,2), object(2,5)
gas summary: computation_cost: 1000000, computation_cost_burned: 1000000, storage_cost: 3739200,  storage_rebate: 3739200, non_refundable_storage_fee: 0
