---
source: external-crates/move/crates/move-transactional-test-runner/src/framework.rs
---
processed 37 tasks

init:
A: object(0,0)

task 1, lines 13-83:
//# publish
created: object(1,0)
mutated: object(0,1)
gas summary: computation_cost: 1000000, computation_cost_burned: 1000000, storage_cost: 11004800,  storage_rebate: 0, non_refundable_storage_fee: 0

task 2, lines 85-87:
//# programmable --sender A --inputs @A 42
//> 0: Test::M1::parent(Input(0));
//> 1: Test::M1::child(Input(0));
created: object(2,0), object(2,1)
mutated: object(0,0)
gas summary: computation_cost: 1000000, computation_cost_burned: 1000000, storage_cost: 3526400,  storage_rebate: 0, non_refundable_storage_fee: 0

task 3, line 89:
//# view-object 2,1
Owner: Account Address ( A )
Version: 2
Contents: Test::M1::Parent {
    id: iota::object::UID {
        id: iota::object::ID {
            bytes: fake(2,1),
        },
    },
}

task 4, line 91:
//# view-object 2,0
Owner: Account Address ( A )
Version: 2
Contents: Test::M1::Child {
    id: iota::object::UID {
        id: iota::object::ID {
            bytes: fake(2,0),
        },
    },
    count: 0u64,
}

task 5, lines 93-95:
//# programmable --sender A --inputs object(2,1) object(2,0) 420
//> Test::M1::add_child(Input(0), Input(1), Input(2));
//> Test::M1::mutate_child_via_parent(Input(0), Input(2));
created: object(5,0)
mutated: object(0,0), object(2,0), object(2,1)
gas summary: computation_cost: 1000000, computation_cost_burned: 1000000, storage_cost: 5973600,  storage_rebate: 3526400, non_refundable_storage_fee: 0

task 6, line 97:
//# view-object 2,1
Owner: Account Address ( A )
Version: 3
Contents: Test::M1::Parent {
    id: iota::object::UID {
        id: iota::object::ID {
            bytes: fake(2,1),
        },
    },
}

task 7, line 99:
//# view-object 2,0
Owner: Object ID: ( fake(5,0) )
Version: 3
Contents: Test::M1::Child {
    id: iota::object::UID {
        id: iota::object::ID {
            bytes: fake(2,0),
        },
    },
    count: 1u64,
}

task 8, line 101:
//# create-checkpoint
Checkpoint created: 1

task 9, lines 103-165:
//# run-graphql
Response: {
  "data": {
    "parent_version_2_no_dof": {
      "address": "0x427086c0f5eba3646a4b8a5de8fe98b215f7c005b5fd174a3f267e7a07b03bd6",
      "dynamicFields": {
        "edges": []
      }
    },
    "parent_version_3_has_dof": {
      "dynamicFields": {
        "edges": [
          {
            "cursor": "IO53M+MvTXpggmw3a4XxAozDxT5+PDBBgqapE3N1EXl7AQAAAAAAAAA=",
            "node": {
              "name": {
                "bcs": "pAEAAAAAAAA=",
                "type": {
                  "repr": "u64"
                }
              },
              "value": {
                "contents": {
                  "json": {
                    "id": "0xced2e280e377be0d1fcfb2d0b4995a60ce079aaa03ade2108fcbdc4b2de38363",
                    "count": "1"
                  }
                }
              }
            }
          }
        ]
      }
    },
    "child_version_2_no_parent": {
      "address": "0xced2e280e377be0d1fcfb2d0b4995a60ce079aaa03ade2108fcbdc4b2de38363",
      "owner": {}
    },
    "child_version_3_has_parent": {
      "owner": {
        "parent": {
          "address": "0xee7733e32f4d7a60826c376b85f1028cc3c53e7e3c304182a6a913737511797b"
        }
      }
    }
  }
}

task 10, lines 167-169:
//# programmable --sender A --inputs object(2,1) 420
//> Test::M1::mutate_child_via_parent(Input(0), Input(1));
//> Test::M1::add_df(Input(0));
created: object(10,0), object(10,1), object(10,2)
mutated: object(0,0), object(2,0), object(2,1)
gas summary: computation_cost: 1000000, computation_cost_burned: 1000000, storage_cost: 9864800,  storage_rebate: 3526400, non_refundable_storage_fee: 0

task 11, line 171:
//# view-object 2,1
Owner: Account Address ( A )
Version: 4
Contents: Test::M1::Parent {
    id: iota::object::UID {
        id: iota::object::ID {
            bytes: fake(2,1),
        },
    },
}

task 12, line 173:
//# view-object 2,0
Owner: Object ID: ( fake(5,0) )
Version: 4
Contents: Test::M1::Child {
    id: iota::object::UID {
        id: iota::object::ID {
            bytes: fake(2,0),
        },
    },
    count: 2u64,
}

task 13, line 175:
//# create-checkpoint
Checkpoint created: 2

task 14, lines 177-237:
//# run-graphql --cursors bcs(@{obj_5_0},1) bcs(@{obj_5_0},2)
Response: {
  "data": {
    "parent_version_4_show_dof_and_dfs": {
      "dynamicFields": {
        "edges": [
          {
            "cursor": "IBzeTue1XsgMDY1gohd7II/ts2sOHWC7tan+wRzLJfZ3AgAAAAAAAAA=",
            "node": {
              "name": {
                "bcs": "A2RmMw==",
                "type": {
                  "repr": "0x0000000000000000000000000000000000000000000000000000000000000001::string::String"
                }
              },
              "value": {
                "json": "df3"
              }
            }
          },
          {
            "cursor": "IHFX3O1yuKR/xMsPcBaHHwSN9iw6Ec3lhBUKIFf1S+74AgAAAAAAAAA=",
            "node": {
              "name": {
                "bcs": "A2RmMg==",
                "type": {
                  "repr": "0x0000000000000000000000000000000000000000000000000000000000000001::string::String"
                }
              },
              "value": {
                "json": "df2"
              }
            }
          },
          {
            "cursor": "INzmC22cxVEPsRD/sADbb+3OgasMgkaiYy9DEiP5M2dlAgAAAAAAAAA=",
            "node": {
              "name": {
                "bcs": "A2RmMQ==",
                "type": {
                  "repr": "0x0000000000000000000000000000000000000000000000000000000000000001::string::String"
                }
              },
              "value": {
                "json": "df1"
              }
            }
          },
          {
            "cursor": "IO53M+MvTXpggmw3a4XxAozDxT5+PDBBgqapE3N1EXl7AgAAAAAAAAA=",
            "node": {
              "name": {
                "bcs": "pAEAAAAAAAA=",
                "type": {
                  "repr": "u64"
                }
              },
              "value": {
                "contents": {
                  "json": {
                    "id": "0xced2e280e377be0d1fcfb2d0b4995a60ce079aaa03ade2108fcbdc4b2de38363",
                    "count": "2"
                  }
                }
              }
            }
          }
        ]
      }
    },
    "parent_version_3_only_dof": {
      "dynamicFields": {
        "edges": [
          {
            "cursor": "IO53M+MvTXpggmw3a4XxAozDxT5+PDBBgqapE3N1EXl7AgAAAAAAAAA=",
            "node": {
              "name": {
                "bcs": "pAEAAAAAAAA=",
                "type": {
                  "repr": "u64"
                }
              },
              "value": {
                "contents": {
                  "json": {
                    "id": "0xced2e280e377be0d1fcfb2d0b4995a60ce079aaa03ade2108fcbdc4b2de38363",
                    "count": "1"
                  }
                }
              }
            }
          }
        ]
      }
    },
    "use_dof_version_3_cursor_at_parent_version_4": {
      "dynamicFields": {
        "edges": []
      }
    },
    "use_dof_version_4_cursor_at_parent_version_4": {
      "dynamicFields": {
        "edges": []
      }
    },
    "use_dof_version_3_cursor_at_parent_version_3": {
      "dynamicFields": {
        "edges": []
      }
    },
    "use_dof_version_4_cursor_at_version_3": {
      "dynamicFields": {
        "edges": []
      }
    }
  }
}

task 15, lines 239-276:
//# run-graphql
Response: {
  "data": {
    "parent_version_3": {
      "dynamicObjectField": {
        "name": {
          "bcs": "pAEAAAAAAAA=",
          "type": {
            "repr": "u64"
          }
        },
        "value": {
          "contents": {
            "json": {
              "id": "0xced2e280e377be0d1fcfb2d0b4995a60ce079aaa03ade2108fcbdc4b2de38363",
              "count": "1"
            }
          }
        }
      },
      "dfNotAvailableYet": null
    },
    "parent_version_4": {
      "dynamicObjectField": {
        "name": {
          "bcs": "pAEAAAAAAAA=",
          "type": {
            "repr": "u64"
          }
        },
        "value": {
          "contents": {
            "json": {
              "id": "0xced2e280e377be0d1fcfb2d0b4995a60ce079aaa03ade2108fcbdc4b2de38363",
              "count": "2"
            }
          }
        }
      },
      "dfAddedHere": {
        "name": {
          "bcs": "A2RmMQ==",
          "type": {
            "repr": "0x0000000000000000000000000000000000000000000000000000000000000001::string::String"
          }
        },
        "value": {
          "json": "df1"
        }
      }
    }
  }
}

task 16, lines 279-280:
//# programmable --sender A --inputs object(2,1)
//> Test::M1::add_more_df(Input(0));
created: object(16,0), object(16,1), object(16,2)
mutated: object(0,0), object(2,1)
gas summary: computation_cost: 1000000, computation_cost_burned: 1000000, storage_cost: 8565200,  storage_rebate: 2226800, non_refundable_storage_fee: 0

task 17, line 282:
//# view-object 2,1
Owner: Account Address ( A )
Version: 5
Contents: Test::M1::Parent {
    id: iota::object::UID {
        id: iota::object::ID {
            bytes: fake(2,1),
        },
    },
}

task 18, line 284:
//# view-object 2,0
Owner: Object ID: ( fake(5,0) )
Version: 4
Contents: Test::M1::Child {
    id: iota::object::UID {
        id: iota::object::ID {
            bytes: fake(2,0),
        },
    },
    count: 2u64,
}

task 19, line 286:
//# create-checkpoint
Checkpoint created: 3

task 20, lines 288-338:
//# run-graphql --cursors bcs(@{obj_5_0},2) bcs(@{obj_5_0},3)
Response: {
  "data": {
    "parent_version_4_has_4_children": {
      "dynamicFields": {
        "edges": [
          {
            "cursor": "IBzeTue1XsgMDY1gohd7II/ts2sOHWC7tan+wRzLJfZ3AwAAAAAAAAA=",
            "node": {
              "name": {
                "bcs": "A2RmMw==",
                "type": {
                  "repr": "0x0000000000000000000000000000000000000000000000000000000000000001::string::String"
                }
              },
              "value": {
                "json": "df3"
              }
            }
          },
          {
            "cursor": "IHFX3O1yuKR/xMsPcBaHHwSN9iw6Ec3lhBUKIFf1S+74AwAAAAAAAAA=",
            "node": {
              "name": {
                "bcs": "A2RmMg==",
                "type": {
                  "repr": "0x0000000000000000000000000000000000000000000000000000000000000001::string::String"
                }
              },
              "value": {
                "json": "df2"
              }
            }
          },
          {
            "cursor": "INzmC22cxVEPsRD/sADbb+3OgasMgkaiYy9DEiP5M2dlAwAAAAAAAAA=",
            "node": {
              "name": {
                "bcs": "A2RmMQ==",
                "type": {
                  "repr": "0x0000000000000000000000000000000000000000000000000000000000000001::string::String"
                }
              },
              "value": {
                "json": "df1"
              }
            }
          },
          {
            "cursor": "IO53M+MvTXpggmw3a4XxAozDxT5+PDBBgqapE3N1EXl7AwAAAAAAAAA=",
            "node": {
              "name": {
                "bcs": "pAEAAAAAAAA=",
                "type": {
                  "repr": "u64"
                }
              },
              "value": {
                "contents": {
                  "json": {
                    "id": "0xced2e280e377be0d1fcfb2d0b4995a60ce079aaa03ade2108fcbdc4b2de38363",
                    "count": "2"
                  }
                }
              }
            }
          }
        ]
      }
    },
    "parent_version_4_paginated_on_dof_consistent": {
      "dynamicFields": {
        "edges": []
      }
    },
    "parent_version_5_has_7_children": {
      "dynamicFields": {
        "edges": [
          {
            "cursor": "IBxoBlEqIeqmI9eBax5SEVGQRo+yTy+i55I36oG94avbAwAAAAAAAAA=",
            "node": {
              "name": {
                "bcs": "A2RmNA==",
                "type": {
                  "repr": "0x0000000000000000000000000000000000000000000000000000000000000001::string::String"
                }
              },
              "value": {
                "json": "df4"
              }
            }
          },
          {
            "cursor": "IBzeTue1XsgMDY1gohd7II/ts2sOHWC7tan+wRzLJfZ3AwAAAAAAAAA=",
            "node": {
              "name": {
                "bcs": "A2RmMw==",
                "type": {
                  "repr": "0x0000000000000000000000000000000000000000000000000000000000000001::string::String"
                }
              },
              "value": {
                "json": "df3"
              }
            }
          },
          {
            "cursor": "IE1BzrRT50K3dCDInv5mJWqf/SVPi3/qS2aBHIz2ZVdfAwAAAAAAAAA=",
            "node": {
              "name": {
                "bcs": "A2RmNQ==",
                "type": {
                  "repr": "0x0000000000000000000000000000000000000000000000000000000000000001::string::String"
                }
              },
              "value": {
                "json": "df5"
              }
            }
          },
          {
            "cursor": "IE6/qBv5bWyoRdTXt5h7xiCoGQrWaZsQFVr8OYY2DeFdAwAAAAAAAAA=",
            "node": {
              "name": {
                "bcs": "A2RmNg==",
                "type": {
                  "repr": "0x0000000000000000000000000000000000000000000000000000000000000001::string::String"
                }
              },
              "value": {
                "json": "df6"
              }
            }
          },
          {
            "cursor": "IHFX3O1yuKR/xMsPcBaHHwSN9iw6Ec3lhBUKIFf1S+74AwAAAAAAAAA=",
            "node": {
              "name": {
                "bcs": "A2RmMg==",
                "type": {
                  "repr": "0x0000000000000000000000000000000000000000000000000000000000000001::string::String"
                }
              },
              "value": {
                "json": "df2"
              }
            }
          },
          {
            "cursor": "INzmC22cxVEPsRD/sADbb+3OgasMgkaiYy9DEiP5M2dlAwAAAAAAAAA=",
            "node": {
              "name": {
                "bcs": "A2RmMQ==",
                "type": {
                  "repr": "0x0000000000000000000000000000000000000000000000000000000000000001::string::String"
                }
              },
              "value": {
                "json": "df1"
              }
            }
          },
          {
            "cursor": "IO53M+MvTXpggmw3a4XxAozDxT5+PDBBgqapE3N1EXl7AwAAAAAAAAA=",
            "node": {
              "name": {
                "bcs": "pAEAAAAAAAA=",
                "type": {
                  "repr": "u64"
                }
              },
              "value": {
                "contents": {
                  "json": {
                    "id": "0xced2e280e377be0d1fcfb2d0b4995a60ce079aaa03ade2108fcbdc4b2de38363",
                    "count": "2"
                  }
                }
              }
            }
          }
        ]
      }
    },
    "parent_version_5_paginated_on_dof_consistent": {
      "dynamicFields": {
        "edges": []
      }
    }
  }
}

task 21, lines 340-341:
//# programmable --sender A --inputs object(2,1) 420
//> Test::M1::remove_df(Input(0));
mutated: object(0,0), object(2,1)
deleted: object(10,0), object(10,1), object(10,2)
gas summary: computation_cost: 1000000, computation_cost_burned: 1000000, storage_cost: 2226800,  storage_rebate: 8565200, non_refundable_storage_fee: 0

task 22, line 343:
//# view-object 2,1
Owner: Account Address ( A )
Version: 6
Contents: Test::M1::Parent {
    id: iota::object::UID {
        id: iota::object::ID {
            bytes: fake(2,1),
        },
    },
}

task 23, line 345:
//# view-object 2,0
Owner: Object ID: ( fake(5,0) )
Version: 4
Contents: Test::M1::Child {
    id: iota::object::UID {
        id: iota::object::ID {
            bytes: fake(2,0),
        },
    },
    count: 2u64,
}

task 24, line 347:
//# create-checkpoint
Checkpoint created: 4

task 25, lines 349-399:
//# run-graphql --cursors bcs(@{obj_5_0},2) bcs(@{obj_5_0},4)
Response: {
  "data": {
    "parent_version_4_has_df1_2_3": {
      "dynamicFields": {
        "edges": [
          {
            "cursor": "IBzeTue1XsgMDY1gohd7II/ts2sOHWC7tan+wRzLJfZ3BAAAAAAAAAA=",
            "node": {
              "name": {
                "bcs": "A2RmMw==",
                "type": {
                  "repr": "0x0000000000000000000000000000000000000000000000000000000000000001::string::String"
                }
              },
              "value": {
                "json": "df3"
              }
            }
          },
          {
            "cursor": "IHFX3O1yuKR/xMsPcBaHHwSN9iw6Ec3lhBUKIFf1S+74BAAAAAAAAAA=",
            "node": {
              "name": {
                "bcs": "A2RmMg==",
                "type": {
                  "repr": "0x0000000000000000000000000000000000000000000000000000000000000001::string::String"
                }
              },
              "value": {
                "json": "df2"
              }
            }
          },
          {
            "cursor": "INzmC22cxVEPsRD/sADbb+3OgasMgkaiYy9DEiP5M2dlBAAAAAAAAAA=",
            "node": {
              "name": {
                "bcs": "A2RmMQ==",
                "type": {
                  "repr": "0x0000000000000000000000000000000000000000000000000000000000000001::string::String"
                }
              },
              "value": {
                "json": "df1"
              }
            }
          },
          {
            "cursor": "IO53M+MvTXpggmw3a4XxAozDxT5+PDBBgqapE3N1EXl7BAAAAAAAAAA=",
            "node": {
              "name": {
                "bcs": "pAEAAAAAAAA=",
                "type": {
                  "repr": "u64"
                }
              },
              "value": {
                "contents": {
                  "json": {
                    "id": "0xced2e280e377be0d1fcfb2d0b4995a60ce079aaa03ade2108fcbdc4b2de38363",
                    "count": "2"
                  }
                }
              }
            }
          }
        ]
      }
    },
    "parent_version_4_paginated_on_dof_consistent": {
      "dynamicFields": {
        "edges": []
      }
    },
    "parent_version_6_no_df_1_2_3": {
      "dynamicFields": {
        "edges": [
          {
            "cursor": "IBxoBlEqIeqmI9eBax5SEVGQRo+yTy+i55I36oG94avbBAAAAAAAAAA=",
            "node": {
              "name": {
                "bcs": "A2RmNA==",
                "type": {
                  "repr": "0x0000000000000000000000000000000000000000000000000000000000000001::string::String"
                }
              },
              "value": {
                "json": "df4"
              }
            }
          },
          {
            "cursor": "IE1BzrRT50K3dCDInv5mJWqf/SVPi3/qS2aBHIz2ZVdfBAAAAAAAAAA=",
            "node": {
              "name": {
                "bcs": "A2RmNQ==",
                "type": {
                  "repr": "0x0000000000000000000000000000000000000000000000000000000000000001::string::String"
                }
              },
              "value": {
                "json": "df5"
              }
            }
          },
          {
            "cursor": "IE6/qBv5bWyoRdTXt5h7xiCoGQrWaZsQFVr8OYY2DeFdBAAAAAAAAAA=",
            "node": {
              "name": {
                "bcs": "A2RmNg==",
                "type": {
                  "repr": "0x0000000000000000000000000000000000000000000000000000000000000001::string::String"
                }
              },
              "value": {
                "json": "df6"
              }
            }
          },
          {
            "cursor": "IO53M+MvTXpggmw3a4XxAozDxT5+PDBBgqapE3N1EXl7BAAAAAAAAAA=",
            "node": {
              "name": {
                "bcs": "pAEAAAAAAAA=",
                "type": {
                  "repr": "u64"
                }
              },
              "value": {
                "contents": {
                  "json": {
                    "id": "0xced2e280e377be0d1fcfb2d0b4995a60ce079aaa03ade2108fcbdc4b2de38363",
                    "count": "2"
                  }
                }
              }
            }
          }
        ]
      }
    },
    "parent_version_6_paginated_no_df_1_2_3": {
      "dynamicFields": {
        "edges": []
      }
    }
  }
}

task 26, lines 401-432:
//# run-graphql
Response: {
  "data": {
    "parent_version_4": {
      "dfAtParentVersion4": {
        "name": {
          "bcs": "A2RmMQ==",
          "type": {
            "repr": "0x0000000000000000000000000000000000000000000000000000000000000001::string::String"
          }
        },
        "value": {
          "json": "df1"
        }
      }
    },
    "parent_version_6": {
      "dfAtParentVersion6": null
    }
  }
}

task 28, line 436:
//# create-checkpoint
Checkpoint created: 5

task 30, line 440:
//# create-checkpoint
Checkpoint created: 6

task 32, line 444:
//# create-checkpoint
Checkpoint created: 7

task 34, line 448:
//# create-checkpoint
Checkpoint created: 8

task 35, lines 450-508:
//# run-graphql --cursors bcs(@{obj_5_0},2) bcs(@{obj_5_0},4)
Response: {
  "data": {
    "availableRange": {
      "first": {
        "sequenceNumber": 4
      },
      "last": {
        "sequenceNumber": 8
      }
    },
    "parent_version_4_outside_consistent_range": {
      "dynamicFields": {
        "edges": [
          {
            "cursor": "IO53M+MvTXpggmw3a4XxAozDxT5+PDBBgqapE3N1EXl7CAAAAAAAAAA=",
            "node": {
              "name": {
                "bcs": "pAEAAAAAAAA=",
                "type": {
                  "repr": "u64"
                }
              },
              "value": {
                "contents": {
                  "json": {
                    "id": "0xced2e280e377be0d1fcfb2d0b4995a60ce079aaa03ade2108fcbdc4b2de38363",
                    "count": "2"
                  }
                }
              }
            }
          }
        ]
      }
    },
    "parent_version_4_paginated_outside_consistent_range": null,
    "parent_version_6_no_df_1_2_3": {
      "dynamicFields": {
        "edges": [
          {
            "cursor": "IBxoBlEqIeqmI9eBax5SEVGQRo+yTy+i55I36oG94avbCAAAAAAAAAA=",
            "node": {
              "name": {
                "bcs": "A2RmNA==",
                "type": {
                  "repr": "0x0000000000000000000000000000000000000000000000000000000000000001::string::String"
                }
              },
              "value": {
                "json": "df4"
              }
            }
          },
          {
            "cursor": "IE1BzrRT50K3dCDInv5mJWqf/SVPi3/qS2aBHIz2ZVdfCAAAAAAAAAA=",
            "node": {
              "name": {
                "bcs": "A2RmNQ==",
                "type": {
                  "repr": "0x0000000000000000000000000000000000000000000000000000000000000001::string::String"
                }
              },
              "value": {
                "json": "df5"
              }
            }
          },
          {
            "cursor": "IE6/qBv5bWyoRdTXt5h7xiCoGQrWaZsQFVr8OYY2DeFdCAAAAAAAAAA=",
            "node": {
              "name": {
                "bcs": "A2RmNg==",
                "type": {
                  "repr": "0x0000000000000000000000000000000000000000000000000000000000000001::string::String"
                }
              },
              "value": {
                "json": "df6"
              }
            }
          },
          {
            "cursor": "IO53M+MvTXpggmw3a4XxAozDxT5+PDBBgqapE3N1EXl7CAAAAAAAAAA=",
            "node": {
              "name": {
                "bcs": "pAEAAAAAAAA=",
                "type": {
                  "repr": "u64"
                }
              },
              "value": {
                "contents": {
                  "json": {
                    "id": "0xced2e280e377be0d1fcfb2d0b4995a60ce079aaa03ade2108fcbdc4b2de38363",
                    "count": "2"
                  }
                }
              }
            }
          }
        ]
      }
    },
    "parent_version_6_paginated_no_df_1_2_3": {
      "dynamicFields": {
        "edges": []
      }
    }
  },
  "errors": [
    {
      "message": "Requested data is outside the available range",
      "locations": [
        {
          "line": 42,
          "column": 5
        }
      ],
      "path": [
        "parent_version_4_paginated_outside_consistent_range",
        "dynamicFields"
      ],
      "extensions": {
        "code": "BAD_USER_INPUT"
      }
    }
  ]
}

task 36, lines 510-541:
//# run-graphql
Response: {
  "data": {
    "parent_version_4": {
      "dfAtParentVersion4_outside_range": {
        "name": {
          "bcs": "A2RmMQ==",
          "type": {
            "repr": "0x0000000000000000000000000000000000000000000000000000000000000001::string::String"
          }
        },
        "value": {
          "json": "df1"
        }
      }
    },
    "parent_version_6": {
      "dfAtParentVersion6": null
    }
  }
}
