---
source: crates/move-compiler/tests/move_check_testsuite.rs
info:
  flavor: core
  edition: 2024.alpha
  lint: false
---
error[E10003]: invalid attribute value
  ┌─ tests/move_2024/to_bytecode/authenticator_attribute/assigned/version_literals.move:9:19
  │
9 │ #[authenticator = 3u16]
  │                   ^^^^ Only unannotated or u8 literal `version` values are supported.

error[E10003]: invalid attribute value
   ┌─ tests/move_2024/to_bytecode/authenticator_attribute/assigned/version_literals.move:12:19
   │
12 │ #[authenticator = 3u32]
   │                   ^^^^ Only unannotated or u8 literal `version` values are supported.

error[E10003]: invalid attribute value
   ┌─ tests/move_2024/to_bytecode/authenticator_attribute/assigned/version_literals.move:15:19
   │
15 │ #[authenticator = 3u64]
   │                   ^^^^ Only unannotated or u8 literal `version` values are supported.

error[E10003]: invalid attribute value
   ┌─ tests/move_2024/to_bytecode/authenticator_attribute/assigned/version_literals.move:18:19
   │
18 │ #[authenticator = 3u128]
   │                   ^^^^^ Only unannotated or u8 literal `version` values are supported.

error[E10003]: invalid attribute value
   ┌─ tests/move_2024/to_bytecode/authenticator_attribute/assigned/version_literals.move:21:19
   │
21 │ #[authenticator = 3u256]
   │                   ^^^^^ Only unannotated or u8 literal `version` values are supported.
